ARM Linker, 5.03 [Build 76] [MDK-ARM Lite]

==============================================================================

Section Cross References

    startup.o(STACK) refers (Special) to heapauxi.o(.text) for __use_two_region_memory
    startup.o(HEAP) refers (Special) to heapauxi.o(.text) for __use_two_region_memory
    startup.o(RESET) refers (Special) to heapauxi.o(.text) for __use_two_region_memory
    startup.o(RESET) refers to startup.o(STACK) for Stack_Top
    startup.o(RESET) refers to __main.o(!!!main) for __main
    startup.o(.text) refers (Special) to heapauxi.o(.text) for __use_two_region_memory
    startup.o(.text) refers to startup.o(HEAP) for Heap_Mem
    startup.o(.text) refers to startup.o(STACK) for Stack_Mem
    adc.o(.text) refers to pin_connect_block.o(.text) for cfgPortPin
    adc.o(.text) refers to delay.o(.text) for delay_us
    adc.o(.text) refers to dflt_noclz.o(x$fpl$dfltu) for __aeabi_ui2d
    adc.o(.text) refers to dmul.o(x$fpl$dmul) for __aeabi_dmul
    adc.o(.text) refers to d2f.o(x$fpl$d2f) for __aeabi_d2f
    adc.o(.text) refers to fmul.o(x$fpl$fmul) for __aeabi_fmul
    adc.o(.text) refers to ffixu.o(x$fpl$ffixu) for __aeabi_f2uiz
    adc.o(.text) refers to adc.o(.data) for flag
    kpm.o(.text) refers to lcd.o(.text) for CmdLCD
    kpm.o(.text) refers to aeabi_sdiv.o(.text_udiv) for __aeabi_uidivmod
    kpm.o(.text) refers to kpm.o(.data) for kpmLUT
    lcd.o(.text) refers to delay.o(.text) for delay_us
    lcd.o(.text) refers to aeabi_sdiv.o(.text_udiv) for __aeabi_uidivmod
    main.o(.text) refers to lcd.o(.text) for CmdLCD
    main.o(.text) refers to rtc.o(.text) for GetRTCTimeInfo
    main.o(.text) refers to aeabi_sdiv.o(.text) for __aeabi_idivmod
    main.o(.text) refers to adc.o(.text) for Read_LM35
    main.o(.text) refers to delay.o(.text) for delay_ms
    main.o(.text) refers to kpm.o(.text) for InitKPM
    main.o(.text) refers to menu.o(.text) for settings
    main.o(.text) refers to main.o(.data) for sec
    menu.o(.text) refers to lcd.o(.text) for CmdLCD
    menu.o(.text) refers to kpm.o(.text) for ReadNum2
    menu.o(.text) refers to delay.o(.text) for delay_s
    menu.o(.text) refers to main.o(.data) for messageList
    menu.o(.text) refers to menu.o(.data) for UserPSW
    rtc.o(.text) refers to aeabi_sdiv.o(.text_udiv) for __aeabi_uidivmod
    rtc.o(.text) refers to lcd.o(.text) for CharLCD
    rtc.o(.text) refers to rtc.o(.data) for week
    aeabi_sdiv.o(.text_udiv) refers to aeabi_sdiv.o(.text) for __arm_div2
    aeabi_sdiv_div0.o(.text_udiv) refers to aeabi_sdiv_div0.o(.text) for __arm_div2
    __main.o(!!!main) refers to rtentry.o(.ARM.Collect$$rtentry$$00000000) for __rt_entry
    d2f.o(x$fpl$d2f) refers (Special) to usenofp.o(x$fpl$usenofp) for __I$use$fp
    d2f.o(x$fpl$d2f) refers to fretinf.o(x$fpl$fretinf) for __fpl_fretinf
    d2f.o(x$fpl$d2f) refers to dnaninf.o(x$fpl$dnaninf) for __fpl_dnaninf
    dflt_noclz.o(x$fpl$dfltu) refers (Special) to usenofp.o(x$fpl$usenofp) for __I$use$fp
    dflt_noclz.o(x$fpl$dfltu) refers to dflt_noclz.o(x$fpl$dflt) for __dflt_normalise
    dflt_noclz.o(x$fpl$dflt) refers (Special) to usenofp.o(x$fpl$usenofp) for __I$use$fp
    dmul.o(x$fpl$dmul) refers (Special) to usenofp.o(x$fpl$usenofp) for __I$use$fp
    dmul.o(x$fpl$dmul) refers to dretinf.o(x$fpl$dretinf) for __fpl_dretinf
    dmul.o(x$fpl$dmul) refers to dnaninf.o(x$fpl$dnaninf) for __fpl_dnaninf
    ffixu.o(x$fpl$ffixu) refers (Special) to usenofp.o(x$fpl$usenofp) for __I$use$fp
    ffixu.o(x$fpl$ffixu) refers to fnaninf.o(x$fpl$fnaninf) for __fpl_fnaninf
    ffixu.o(x$fpl$ffixur) refers (Special) to usenofp.o(x$fpl$usenofp) for __I$use$fp
    ffixu.o(x$fpl$ffixur) refers to fnaninf.o(x$fpl$fnaninf) for __fpl_fnaninf
    fmul.o(x$fpl$fmul) refers (Special) to usenofp.o(x$fpl$usenofp) for __I$use$fp
    fmul.o(x$fpl$fmul) refers to fretinf.o(x$fpl$fretinf) for __fpl_fretinf
    fmul.o(x$fpl$fmul) refers to fnaninf.o(x$fpl$fnaninf) for __fpl_fnaninf
    rtentry.o(.ARM.Collect$$rtentry$$00000000) refers (Special) to rtentry2.o(.ARM.Collect$$rtentry$$0000000A) for __rt_entry_li
    rtentry.o(.ARM.Collect$$rtentry$$00000000) refers (Special) to rtentry2.o(.ARM.Collect$$rtentry$$0000000D) for __rt_entry_main
    rtentry.o(.ARM.Collect$$rtentry$$00000000) refers (Special) to rtentry2.o(.ARM.Collect$$rtentry$$0000000C) for __rt_entry_postli_1
    rtentry.o(.ARM.Collect$$rtentry$$00000000) refers (Special) to rtentry2.o(.ARM.Collect$$rtentry$$00000009) for __rt_entry_postsh_1
    rtentry.o(.ARM.Collect$$rtentry$$00000000) refers (Special) to rtentry2.o(.ARM.Collect$$rtentry$$00000002) for __rt_entry_presh_1
    rtentry.o(.ARM.Collect$$rtentry$$00000000) refers (Special) to rtentry4.o(.ARM.Collect$$rtentry$$00000004) for __rt_entry_sh
    aeabi_idiv0_sigfpe.o(.text) refers to rt_div0.o(.text) for __rt_div0
    dnaninf.o(x$fpl$dnaninf) refers (Special) to usenofp.o(x$fpl$usenofp) for __I$use$fp
    dretinf.o(x$fpl$dretinf) refers (Special) to usenofp.o(x$fpl$usenofp) for __I$use$fp
    fnaninf.o(x$fpl$fnaninf) refers (Special) to usenofp.o(x$fpl$usenofp) for __I$use$fp
    fretinf.o(x$fpl$fretinf) refers (Special) to usenofp.o(x$fpl$usenofp) for __I$use$fp
    rtentry2.o(.ARM.Collect$$rtentry$$00000008) refers to boardinit2.o(.text) for _platform_post_stackheap_init
    rtentry2.o(.ARM.Collect$$rtentry$$0000000A) refers to libinit.o(.ARM.Collect$$libinit$$00000000) for __rt_lib_init
    rtentry2.o(.ARM.Collect$$rtentry$$0000000B) refers to boardinit3.o(.text) for _platform_post_lib_init
    rtentry2.o(.ARM.Collect$$rtentry$$0000000D) refers to exit.o(.text) for exit
    rtentry2.o(.ARM.Collect$$rtentry$$0000000D) refers to main.o(.text) for main
    rtentry2.o(.ARM.exidx) refers to rtentry2.o(.ARM.Collect$$rtentry$$00000001) for .ARM.Collect$$rtentry$$00000001
    rtentry2.o(.ARM.exidx) refers to rtentry2.o(.ARM.Collect$$rtentry$$00000008) for .ARM.Collect$$rtentry$$00000008
    rtentry2.o(.ARM.exidx) refers to rtentry2.o(.ARM.Collect$$rtentry$$0000000A) for .ARM.Collect$$rtentry$$0000000A
    rtentry2.o(.ARM.exidx) refers to rtentry2.o(.ARM.Collect$$rtentry$$0000000B) for .ARM.Collect$$rtentry$$0000000B
    rtentry2.o(.ARM.exidx) refers to rtentry2.o(.ARM.Collect$$rtentry$$0000000D) for .ARM.Collect$$rtentry$$0000000D
    rtentry4.o(.ARM.Collect$$rtentry$$00000004) refers to sys_stackheap_outer.o(.text) for __user_setup_stackheap
    rtentry4.o(.ARM.exidx) refers to rtentry4.o(.ARM.Collect$$rtentry$$00000004) for .ARM.Collect$$rtentry$$00000004
    rt_div0.o(.text) refers to defsig_fpe_outer.o(.text) for __rt_SIGFPE
    sys_stackheap_outer.o(.text) refers to libspace.o(.text) for __user_perproc_libspace
    sys_stackheap_outer.o(.text) refers to startup.o(.text) for __user_initial_stackheap
    exit.o(.text) refers to rtexit.o(.ARM.Collect$$rtexit$$00000000) for __rt_exit
    defsig_fpe_outer.o(.text) refers to defsig_fpe_inner.o(.text) for __rt_SIGFPE_inner
    defsig_fpe_outer.o(.text) refers to defsig_exit.o(.text) for __sig_exit
    defsig_fpe_formal.o(.text) refers to rt_raise.o(.text) for __rt_raise
    libinit.o(.ARM.Collect$$libinit$$00000000) refers (Special) to libinit2.o(.ARM.Collect$$libinit$$0000002C) for __rt_lib_init_alloca_1
    libinit.o(.ARM.Collect$$libinit$$00000000) refers (Special) to libinit2.o(.ARM.Collect$$libinit$$0000002A) for __rt_lib_init_argv_1
    libinit.o(.ARM.Collect$$libinit$$00000000) refers (Special) to libinit2.o(.ARM.Collect$$libinit$$00000019) for __rt_lib_init_atexit_1
    libinit.o(.ARM.Collect$$libinit$$00000000) refers (Special) to libinit2.o(.ARM.Collect$$libinit$$0000001F) for __rt_lib_init_clock_1
    libinit.o(.ARM.Collect$$libinit$$00000000) refers (Special) to libinit2.o(.ARM.Collect$$libinit$$00000030) for __rt_lib_init_cpp_1
    libinit.o(.ARM.Collect$$libinit$$00000000) refers (Special) to libinit2.o(.ARM.Collect$$libinit$$0000002E) for __rt_lib_init_exceptions_1
    libinit.o(.ARM.Collect$$libinit$$00000000) refers (Special) to libinit2.o(.ARM.Collect$$libinit$$00000002) for __rt_lib_init_fp_1
    libinit.o(.ARM.Collect$$libinit$$00000000) refers (Special) to libinit2.o(.ARM.Collect$$libinit$$0000001D) for __rt_lib_init_fp_trap_1
    libinit.o(.ARM.Collect$$libinit$$00000000) refers (Special) to libinit2.o(.ARM.Collect$$libinit$$00000021) for __rt_lib_init_getenv_1
    libinit.o(.ARM.Collect$$libinit$$00000000) refers (Special) to libinit2.o(.ARM.Collect$$libinit$$00000008) for __rt_lib_init_heap_1
    libinit.o(.ARM.Collect$$libinit$$00000000) refers (Special) to libinit2.o(.ARM.Collect$$libinit$$0000000F) for __rt_lib_init_lc_collate_1
    libinit.o(.ARM.Collect$$libinit$$00000000) refers (Special) to libinit2.o(.ARM.Collect$$libinit$$00000011) for __rt_lib_init_lc_ctype_1
    libinit.o(.ARM.Collect$$libinit$$00000000) refers (Special) to libinit2.o(.ARM.Collect$$libinit$$00000013) for __rt_lib_init_lc_monetary_1
    libinit.o(.ARM.Collect$$libinit$$00000000) refers (Special) to libinit2.o(.ARM.Collect$$libinit$$00000015) for __rt_lib_init_lc_numeric_1
    libinit.o(.ARM.Collect$$libinit$$00000000) refers (Special) to libinit2.o(.ARM.Collect$$libinit$$00000017) for __rt_lib_init_lc_time_1
    libinit.o(.ARM.Collect$$libinit$$00000000) refers (Special) to libinit2.o(.ARM.Collect$$libinit$$0000000C) for __rt_lib_init_rand_1
    libinit.o(.ARM.Collect$$libinit$$00000000) refers (Special) to libinit2.o(.ARM.Collect$$libinit$$00000031) for __rt_lib_init_return
    libinit.o(.ARM.Collect$$libinit$$00000000) refers (Special) to libinit2.o(.ARM.Collect$$libinit$$0000001B) for __rt_lib_init_signal_1
    libinit.o(.ARM.Collect$$libinit$$00000000) refers (Special) to libinit2.o(.ARM.Collect$$libinit$$00000023) for __rt_lib_init_stdio_1
    libinit.o(.ARM.Collect$$libinit$$00000000) refers (Special) to libinit2.o(.ARM.Collect$$libinit$$0000000A) for __rt_lib_init_user_alloc_1
    libspace.o(.text) refers to libspace.o(.bss) for __libspace_start
    rtexit.o(.ARM.Collect$$rtexit$$00000000) refers (Special) to rtexit2.o(.ARM.Collect$$rtexit$$00000004) for __rt_exit_exit
    rtexit.o(.ARM.Collect$$rtexit$$00000000) refers (Special) to rtexit2.o(.ARM.Collect$$rtexit$$00000003) for __rt_exit_ls
    rtexit.o(.ARM.Collect$$rtexit$$00000000) refers (Special) to rtexit2.o(.ARM.Collect$$rtexit$$00000002) for __rt_exit_prels_1
    rtexit.o(.ARM.exidx) refers (Special) to rtexit2.o(.ARM.Collect$$rtexit$$00000004) for __rt_exit_exit
    rtexit.o(.ARM.exidx) refers (Special) to rtexit2.o(.ARM.Collect$$rtexit$$00000003) for __rt_exit_ls
    rtexit.o(.ARM.exidx) refers (Special) to rtexit2.o(.ARM.Collect$$rtexit$$00000002) for __rt_exit_prels_1
    rtexit.o(.ARM.exidx) refers to rtexit.o(.ARM.Collect$$rtexit$$00000000) for .ARM.Collect$$rtexit$$00000000
    rt_raise.o(.text) refers to __raise.o(.text) for __raise
    rt_raise.o(.text) refers to sys_exit.o(.text) for _sys_exit
    defsig_exit.o(.text) refers to sys_exit.o(.text) for _sys_exit
    defsig_fpe_inner.o(.text) refers to defsig_general.o(.text) for __default_signal_display
    libinit2.o(.ARM.Collect$$libinit$$00000001) refers to fpinit.o(x$fpl$fpinit) for _fp_init
    libinit2.o(.ARM.Collect$$libinit$$0000000E) refers to libinit2.o(.ARM.Collect$$libinit$$0000000D) for .ARM.Collect$$libinit$$0000000D
    libinit2.o(.ARM.Collect$$libinit$$00000010) refers to libinit2.o(.ARM.Collect$$libinit$$0000000D) for .ARM.Collect$$libinit$$0000000D
    libinit2.o(.ARM.Collect$$libinit$$00000012) refers to libinit2.o(.ARM.Collect$$libinit$$0000000D) for .ARM.Collect$$libinit$$0000000D
    libinit2.o(.ARM.Collect$$libinit$$00000014) refers to libinit2.o(.ARM.Collect$$libinit$$0000000D) for .ARM.Collect$$libinit$$0000000D
    libinit2.o(.ARM.Collect$$libinit$$00000016) refers to libinit2.o(.ARM.Collect$$libinit$$0000000D) for .ARM.Collect$$libinit$$0000000D
    libinit2.o(.ARM.Collect$$libinit$$00000024) refers to argv_veneer.o(.emb_text) for __ARM_argv_veneer
    libinit2.o(.ARM.Collect$$libinit$$00000025) refers to argv_veneer.o(.emb_text) for __ARM_argv_veneer
    sys_exit.o(.text) refers (Special) to use_no_semi.o(.text) for __I$use$semihosting
    sys_exit.o(.text) refers (Special) to indicate_semi.o(.text) for __semihosting_library_function
    rtexit2.o(.ARM.Collect$$rtexit$$00000003) refers to libshutdown.o(.ARM.Collect$$libshutdown$$00000000) for __rt_lib_shutdown
    rtexit2.o(.ARM.Collect$$rtexit$$00000004) refers to sys_exit.o(.text) for _sys_exit
    rtexit2.o(.ARM.exidx) refers to rtexit2.o(.ARM.Collect$$rtexit$$00000001) for .ARM.Collect$$rtexit$$00000001
    rtexit2.o(.ARM.exidx) refers to rtexit2.o(.ARM.Collect$$rtexit$$00000003) for .ARM.Collect$$rtexit$$00000003
    rtexit2.o(.ARM.exidx) refers to rtexit2.o(.ARM.Collect$$rtexit$$00000004) for .ARM.Collect$$rtexit$$00000004
    __raise.o(.text) refers to __raise.o(i.__ARM_common_call_via_r2) for __ARM_common_call_via_r2
    __raise.o(.text) refers to defsig.o(CL$$defsig) for __default_signal_handler
    defsig_general.o(.text) refers to sys_wrch.o(.text) for _ttywrch
    argv_veneer.o(.emb_text) refers to no_argv.o(.text) for __ARM_get_argv
    sys_wrch.o(.text) refers (Special) to use_no_semi.o(.text) for __I$use$semihosting
    sys_wrch.o(.text) refers (Special) to indicate_semi.o(.text) for __semihosting_library_function
    defsig.o(CL$$defsig) refers to defsig_fpe_inner.o(.text) for __rt_SIGFPE_inner
    defsig.o(CL$$defsig) refers to defsig_rtmem_inner.o(.text) for __rt_SIGRTMEM_inner
    _get_argv_nomalloc.o(.text) refers (Special) to hrguard.o(.text) for __heap_region$guard
    _get_argv_nomalloc.o(.text) refers to defsig_rtmem_outer.o(.text) for __rt_SIGRTMEM
    _get_argv_nomalloc.o(.text) refers to sys_command.o(.text) for _sys_command_string
    libshutdown.o(.ARM.Collect$$libshutdown$$00000000) refers (Special) to libshutdown2.o(.ARM.Collect$$libshutdown$$00000006) for __rt_lib_shutdown_fp_trap_1
    libshutdown.o(.ARM.Collect$$libshutdown$$00000000) refers (Special) to libshutdown2.o(.ARM.Collect$$libshutdown$$0000000E) for __rt_lib_shutdown_heap_1
    libshutdown.o(.ARM.Collect$$libshutdown$$00000000) refers (Special) to libshutdown2.o(.ARM.Collect$$libshutdown$$0000000F) for __rt_lib_shutdown_return
    libshutdown.o(.ARM.Collect$$libshutdown$$00000000) refers (Special) to libshutdown2.o(.ARM.Collect$$libshutdown$$00000009) for __rt_lib_shutdown_signal_1
    libshutdown.o(.ARM.Collect$$libshutdown$$00000000) refers (Special) to libshutdown2.o(.ARM.Collect$$libshutdown$$00000003) for __rt_lib_shutdown_stdio_1
    libshutdown.o(.ARM.Collect$$libshutdown$$00000000) refers (Special) to libshutdown2.o(.ARM.Collect$$libshutdown$$0000000B) for __rt_lib_shutdown_user_alloc_1
    sys_command.o(.text) refers (Special) to use_no_semi.o(.text) for __I$use$semihosting
    sys_command.o(.text) refers (Special) to indicate_semi.o(.text) for __semihosting_library_function
    defsig_abrt_inner.o(.text) refers to defsig_general.o(.text) for __default_signal_display
    defsig_rtred_inner.o(.text) refers to defsig_general.o(.text) for __default_signal_display
    defsig_rtmem_inner.o(.text) refers to defsig_general.o(.text) for __default_signal_display
    defsig_rtmem_outer.o(.text) refers to defsig_rtmem_inner.o(.text) for __rt_SIGRTMEM_inner
    defsig_rtmem_outer.o(.text) refers to defsig_exit.o(.text) for __sig_exit
    defsig_rtmem_formal.o(.text) refers to rt_raise.o(.text) for __rt_raise
    defsig_stak_inner.o(.text) refers to defsig_general.o(.text) for __default_signal_display
    defsig_pvfn_inner.o(.text) refers to defsig_general.o(.text) for __default_signal_display
    defsig_cppl_inner.o(.text) refers to defsig_general.o(.text) for __default_signal_display
    defsig_segv_inner.o(.text) refers to defsig_general.o(.text) for __default_signal_display
    defsig_other.o(.text) refers to defsig_general.o(.text) for __default_signal_display


==============================================================================

Adding Veneers to the image

    Adding AT veneer (8 bytes, Inline) for call to '__rt_lib_init' from rtentry2.o(.ARM.Collect$$rtentry$$0000000A).
    Adding AT veneer (8 bytes, Inline) for call to '__rt_lib_shutdown' from rtexit2.o(.ARM.Collect$$rtexit$$00000003).
    Adding TA veneer (4 bytes, Inline) for call to '__rt_exit' from exit.o(.text).
    Adding AT veneer (8 bytes, Inline) for call to '_sys_exit' from rtexit2.o(.ARM.Collect$$rtexit$$00000004).

4 Veneer(s) (total 28 bytes) added to the image.

==============================================================================

Image Symbol Table

    Local Symbols

    Symbol Name                              Value     Ov Type        Size  Object(Section)

    RESET                                    0x00000000   Section      272  startup.o(RESET)
    ../clib/angel/boardlib.s                 0x00000000   Number         0  boardshut.o ABSOLUTE
    ../clib/angel/boardlib.s                 0x00000000   Number         0  boardinit1.o ABSOLUTE
    ../clib/angel/boardlib.s                 0x00000000   Number         0  boardinit3.o ABSOLUTE
    ../clib/angel/boardlib.s                 0x00000000   Number         0  boardinit2.o ABSOLUTE
    ../clib/angel/dczerorl2.s                0x00000000   Number         0  __dczerorl2.o ABSOLUTE
    ../clib/angel/handlers.s                 0x00000000   Number         0  __scatter_zi.o ABSOLUTE
    ../clib/angel/kernel.s                   0x00000000   Number         0  rtentry.o ABSOLUTE
    ../clib/angel/kernel.s                   0x00000000   Number         0  rtexit2.o ABSOLUTE
    ../clib/angel/kernel.s                   0x00000000   Number         0  rtentry2.o ABSOLUTE
    ../clib/angel/kernel.s                   0x00000000   Number         0  rtexit.o ABSOLUTE
    ../clib/angel/kernel.s                   0x00000000   Number         0  rtentry4.o ABSOLUTE
    ../clib/angel/rt.s                       0x00000000   Number         0  aeabi_idiv0.o ABSOLUTE
    ../clib/angel/rt.s                       0x00000000   Number         0  aeabi_idiv0_sigfpe.o ABSOLUTE
    ../clib/angel/rt.s                       0x00000000   Number         0  rt_raise.o ABSOLUTE
    ../clib/angel/rt.s                       0x00000000   Number         0  rt_div0.o ABSOLUTE
    ../clib/angel/scatter.s                  0x00000000   Number         0  __scatter.o ABSOLUTE
    ../clib/angel/startup.s                  0x00000000   Number         0  __main.o ABSOLUTE
    ../clib/angel/sys.s                      0x00000000   Number         0  use_no_semi.o ABSOLUTE
    ../clib/angel/sys.s                      0x00000000   Number         0  indicate_semi.o ABSOLUTE
    ../clib/angel/sys.s                      0x00000000   Number         0  libspace.o ABSOLUTE
    ../clib/angel/sys.s                      0x00000000   Number         0  sys_stackheap_outer.o ABSOLUTE
    ../clib/angel/sysapp.c                   0x00000000   Number         0  sys_exit.o ABSOLUTE
    ../clib/angel/sysapp.c                   0x00000000   Number         0  sys_wrch.o ABSOLUTE
    ../clib/angel/sysapp.c                   0x00000000   Number         0  sys_command.o ABSOLUTE
    ../clib/armsys.c                         0x00000000   Number         0  argv_veneer.o ABSOLUTE
    ../clib/armsys.c                         0x00000000   Number         0  argv_veneer.o ABSOLUTE
    ../clib/armsys.c                         0x00000000   Number         0  _get_argv_nomalloc.o ABSOLUTE
    ../clib/armsys.c                         0x00000000   Number         0  no_argv.o ABSOLUTE
    ../clib/division.s                       0x00000000   Number         0  aeabi_sdiv_div0.o ABSOLUTE
    ../clib/division.s                       0x00000000   Number         0  aeabi_sdiv.o ABSOLUTE
    ../clib/divrt.s                          0x00000000   Number         0  divrt_7tdmi.o ABSOLUTE
    ../clib/divrt.s                          0x00000000   Number         0  divrt_7tdmi_div0.o ABSOLUTE
    ../clib/heapalloc.c                      0x00000000   Number         0  hrguard.o ABSOLUTE
    ../clib/heapaux.c                        0x00000000   Number         0  heapauxi.o ABSOLUTE
    ../clib/libinit.s                        0x00000000   Number         0  libshutdown2.o ABSOLUTE
    ../clib/libinit.s                        0x00000000   Number         0  libinit.o ABSOLUTE
    ../clib/libinit.s                        0x00000000   Number         0  libinit2.o ABSOLUTE
    ../clib/libinit.s                        0x00000000   Number         0  libshutdown.o ABSOLUTE
    ../clib/signal.c                         0x00000000   Number         0  defsig_fpe_outer.o ABSOLUTE
    ../clib/signal.c                         0x00000000   Number         0  defsig_other.o ABSOLUTE
    ../clib/signal.c                         0x00000000   Number         0  defsig_exit.o ABSOLUTE
    ../clib/signal.c                         0x00000000   Number         0  defsig_segv_inner.o ABSOLUTE
    ../clib/signal.c                         0x00000000   Number         0  defsig_cppl_inner.o ABSOLUTE
    ../clib/signal.c                         0x00000000   Number         0  defsig_pvfn_inner.o ABSOLUTE
    ../clib/signal.c                         0x00000000   Number         0  defsig_stak_inner.o ABSOLUTE
    ../clib/signal.c                         0x00000000   Number         0  defsig_rtmem_formal.o ABSOLUTE
    ../clib/signal.c                         0x00000000   Number         0  defsig_rtmem_outer.o ABSOLUTE
    ../clib/signal.c                         0x00000000   Number         0  defsig_rtmem_inner.o ABSOLUTE
    ../clib/signal.c                         0x00000000   Number         0  defsig_rtred_inner.o ABSOLUTE
    ../clib/signal.c                         0x00000000   Number         0  defsig_fpe_inner.o ABSOLUTE
    ../clib/signal.c                         0x00000000   Number         0  defsig_abrt_inner.o ABSOLUTE
    ../clib/signal.c                         0x00000000   Number         0  __raise.o ABSOLUTE
    ../clib/signal.c                         0x00000000   Number         0  defsig_general.o ABSOLUTE
    ../clib/signal.c                         0x00000000   Number         0  defsig_fpe_formal.o ABSOLUTE
    ../clib/signal.s                         0x00000000   Number         0  defsig.o ABSOLUTE
    ../clib/stdlib.c                         0x00000000   Number         0  exit.o ABSOLUTE
    ../fplib/d2f.s                           0x00000000   Number         0  d2f.o ABSOLUTE
    ../fplib/dflt.s                          0x00000000   Number         0  dflt_noclz.o ABSOLUTE
    ../fplib/dmul.s                          0x00000000   Number         0  dmul.o ABSOLUTE
    ../fplib/dnaninf.s                       0x00000000   Number         0  dnaninf.o ABSOLUTE
    ../fplib/dretinf.s                       0x00000000   Number         0  dretinf.o ABSOLUTE
    ../fplib/ffixu.s                         0x00000000   Number         0  ffixu.o ABSOLUTE
    ../fplib/fmul.s                          0x00000000   Number         0  fmul.o ABSOLUTE
    ../fplib/fnaninf.s                       0x00000000   Number         0  fnaninf.o ABSOLUTE
    ../fplib/fpinit.s                        0x00000000   Number         0  fpinit.o ABSOLUTE
    ../fplib/fretinf.s                       0x00000000   Number         0  fretinf.o ABSOLUTE
    ../fplib/usenofp.s                       0x00000000   Number         0  usenofp.o ABSOLUTE
    Startup.s                                0x00000000   Number         0  startup.o ABSOLUTE
    adc.c                                    0x00000000   Number         0  adc.o ABSOLUTE
    dc.s                                     0x00000000   Number         0  dc.o ABSOLUTE
    delay.c                                  0x00000000   Number         0  delay.o ABSOLUTE
    kpm.c                                    0x00000000   Number         0  kpm.o ABSOLUTE
    lcd.c                                    0x00000000   Number         0  lcd.o ABSOLUTE
    main.c                                   0x00000000   Number         0  main.o ABSOLUTE
    menu.c                                   0x00000000   Number         0  menu.o ABSOLUTE
    pin_connect_block.c                      0x00000000   Number         0  pin_connect_block.o ABSOLUTE
    rtc.c                                    0x00000000   Number         0  rtc.o ABSOLUTE
    Undef_Handler                            0x00000040   ARM Code       4  startup.o(RESET)
    SWI_Handler                              0x00000044   ARM Code       4  startup.o(RESET)
    PAbt_Handler                             0x00000048   ARM Code       4  startup.o(RESET)
    DAbt_Handler                             0x0000004c   ARM Code       4  startup.o(RESET)
    IRQ_Handler                              0x00000050   ARM Code       4  startup.o(RESET)
    FIQ_Handler                              0x00000054   ARM Code       4  startup.o(RESET)
    !!!main                                  0x00000110   Section        8  __main.o(!!!main)
    !!!scatter                               0x00000118   Section       60  __scatter.o(!!!scatter)
    !!dczerorl2                              0x00000154   Section       92  __dczerorl2.o(!!dczerorl2)
    _decompress_loop                         0x0000015f   Thumb Code     0  __dczerorl2.o(!!dczerorl2)
    _decompress_zerolen                      0x0000016d   Thumb Code     0  __dczerorl2.o(!!dczerorl2)
    _decompress_litn                         0x00000175   Thumb Code     0  __dczerorl2.o(!!dczerorl2)
    _decompress_lit                          0x00000179   Thumb Code     0  __dczerorl2.o(!!dczerorl2)
    _decompress_copyorzero                   0x00000185   Thumb Code     0  __dczerorl2.o(!!dczerorl2)
    _decompress_zero                         0x0000018d   Thumb Code     0  __dczerorl2.o(!!dczerorl2)
    _decompress_copyn                        0x00000197   Thumb Code     0  __dczerorl2.o(!!dczerorl2)
    _decompress_copy                         0x0000019f   Thumb Code     0  __dczerorl2.o(!!dczerorl2)
    _decompress_end                          0x000001ab   Thumb Code     0  __dczerorl2.o(!!dczerorl2)
    !!handler_zi                             0x000001b0   Section       44  __scatter_zi.o(!!handler_zi)
    .ARM.Collect$$libinit$$00000000          0x000001e4   Section        2  libinit.o(.ARM.Collect$$libinit$$00000000)
    .ARM.Collect$$libinit$$00000002          0x000001e6   Section        0  libinit2.o(.ARM.Collect$$libinit$$00000002)
    .ARM.Collect$$libinit$$00000008          0x000001e6   Section        0  libinit2.o(.ARM.Collect$$libinit$$00000008)
    .ARM.Collect$$libinit$$0000000A          0x000001e6   Section        0  libinit2.o(.ARM.Collect$$libinit$$0000000A)
    .ARM.Collect$$libinit$$0000000C          0x000001e6   Section        0  libinit2.o(.ARM.Collect$$libinit$$0000000C)
    .ARM.Collect$$libinit$$0000000F          0x000001e6   Section        0  libinit2.o(.ARM.Collect$$libinit$$0000000F)
    .ARM.Collect$$libinit$$00000011          0x000001e6   Section        0  libinit2.o(.ARM.Collect$$libinit$$00000011)
    .ARM.Collect$$libinit$$00000013          0x000001e6   Section        0  libinit2.o(.ARM.Collect$$libinit$$00000013)
    .ARM.Collect$$libinit$$00000015          0x000001e6   Section        0  libinit2.o(.ARM.Collect$$libinit$$00000015)
    .ARM.Collect$$libinit$$00000017          0x000001e6   Section        0  libinit2.o(.ARM.Collect$$libinit$$00000017)
    .ARM.Collect$$libinit$$00000019          0x000001e6   Section        0  libinit2.o(.ARM.Collect$$libinit$$00000019)
    .ARM.Collect$$libinit$$0000001B          0x000001e6   Section        0  libinit2.o(.ARM.Collect$$libinit$$0000001B)
    .ARM.Collect$$libinit$$0000001D          0x000001e6   Section        0  libinit2.o(.ARM.Collect$$libinit$$0000001D)
    .ARM.Collect$$libinit$$0000001F          0x000001e6   Section        0  libinit2.o(.ARM.Collect$$libinit$$0000001F)
    .ARM.Collect$$libinit$$00000021          0x000001e6   Section        0  libinit2.o(.ARM.Collect$$libinit$$00000021)
    .ARM.Collect$$libinit$$00000023          0x000001e6   Section        0  libinit2.o(.ARM.Collect$$libinit$$00000023)
    .ARM.Collect$$libinit$$0000002A          0x000001e6   Section        0  libinit2.o(.ARM.Collect$$libinit$$0000002A)
    .ARM.Collect$$libinit$$0000002C          0x000001e6   Section        0  libinit2.o(.ARM.Collect$$libinit$$0000002C)
    .ARM.Collect$$libinit$$0000002E          0x000001e6   Section        0  libinit2.o(.ARM.Collect$$libinit$$0000002E)
    .ARM.Collect$$libinit$$00000030          0x000001e6   Section        0  libinit2.o(.ARM.Collect$$libinit$$00000030)
    .ARM.Collect$$libinit$$00000031          0x000001e6   Section       12  libinit2.o(.ARM.Collect$$libinit$$00000031)
    .ARM.Collect$$libshutdown$$00000000      0x000001fc   Section        4  libshutdown.o(.ARM.Collect$$libshutdown$$00000000)
    .ARM.Collect$$libshutdown$$00000003      0x00000200   Section        0  libshutdown2.o(.ARM.Collect$$libshutdown$$00000003)
    .ARM.Collect$$libshutdown$$00000006      0x00000200   Section        0  libshutdown2.o(.ARM.Collect$$libshutdown$$00000006)
    .ARM.Collect$$libshutdown$$00000009      0x00000200   Section        0  libshutdown2.o(.ARM.Collect$$libshutdown$$00000009)
    .ARM.Collect$$libshutdown$$0000000B      0x00000200   Section        0  libshutdown2.o(.ARM.Collect$$libshutdown$$0000000B)
    .ARM.Collect$$libshutdown$$0000000E      0x00000200   Section        0  libshutdown2.o(.ARM.Collect$$libshutdown$$0000000E)
    .ARM.Collect$$libshutdown$$0000000F      0x00000200   Section        6  libshutdown2.o(.ARM.Collect$$libshutdown$$0000000F)
    .ARM.Collect$$rtentry$$00000000          0x00000208   Section        0  rtentry.o(.ARM.Collect$$rtentry$$00000000)
    .ARM.Collect$$rtentry$$00000002          0x00000208   Section        0  rtentry2.o(.ARM.Collect$$rtentry$$00000002)
    .ARM.Collect$$rtentry$$00000004          0x00000208   Section        8  rtentry4.o(.ARM.Collect$$rtentry$$00000004)
    .ARM.Collect$$rtentry$$00000009          0x00000210   Section        0  rtentry2.o(.ARM.Collect$$rtentry$$00000009)
    .ARM.Collect$$rtentry$$0000000A          0x00000210   Section        4  rtentry2.o(.ARM.Collect$$rtentry$$0000000A)
    .ARM.Collect$$rtentry$$0000000C          0x00000214   Section        0  rtentry2.o(.ARM.Collect$$rtentry$$0000000C)
    .ARM.Collect$$rtentry$$0000000D          0x00000214   Section       40  rtentry2.o(.ARM.Collect$$rtentry$$0000000D)
    .ARM.Collect$$rtexit$$00000000           0x00000240   Section        4  rtexit.o(.ARM.Collect$$rtexit$$00000000)
    .ARM.Collect$$rtexit$$00000002           0x00000244   Section        0  rtexit2.o(.ARM.Collect$$rtexit$$00000002)
    .ARM.Collect$$rtexit$$00000003           0x00000244   Section        4  rtexit2.o(.ARM.Collect$$rtexit$$00000003)
    .ARM.Collect$$rtexit$$00000004           0x00000248   Section        8  rtexit2.o(.ARM.Collect$$rtexit$$00000004)
    .text                                    0x00000250   Section       32  startup.o(.text)
    .text                                    0x00000270   Section        0  adc.o(.text)
    .text                                    0x000003c0   Section        0  delay.o(.text)
    .text                                    0x0000041c   Section        0  kpm.o(.text)
    .text                                    0x000007e8   Section        0  lcd.o(.text)
    .text                                    0x000009e4   Section        0  main.o(.text)
    .text                                    0x00000f84   Section        0  menu.o(.text)
    .text                                    0x000018d4   Section        0  pin_connect_block.o(.text)
    .text                                    0x00001958   Section        0  rtc.o(.text)
    .text                                    0x00001ba8   Section      384  aeabi_sdiv.o(.text)
    __arm_div8                               0x00001bd4   ARM Code       0  aeabi_sdiv.o(.text)
    __arm_div5                               0x00001bf8   ARM Code       0  aeabi_sdiv.o(.text)
    __arm_div2                               0x00001c1c   ARM Code       0  aeabi_sdiv.o(.text)
    __arm_div_large                          0x00001c58   ARM Code       0  aeabi_sdiv.o(.text)
    .text                                    0x00001d28   Section        0  heapauxi.o(.text)
    .text                                    0x00001d30   Section       96  sys_stackheap_outer.o(.text)
    .text                                    0x00001d90   Section        0  exit.o(.text)
    .text                                    0x00001d9c   Section       12  libspace.o(.text)
    .text                                    0x00001db0   Section        0  sys_exit.o(.text)
    .text                                    0x00001dbc   Section        4  use_no_semi.o(.text)
    .text                                    0x00001dc0   Section        0  indicate_semi.o(.text)
    .text_udiv                               0x00001dc0   Section       36  aeabi_sdiv.o(.text_udiv)
    x$fpl$d2f                                0x00001de4   Section      108  d2f.o(x$fpl$d2f)
    x$fpl$dflt                               0x00001e50   Section       88  dflt_noclz.o(x$fpl$dflt)
    x$fpl$dfltu                              0x00001ea8   Section       12  dflt_noclz.o(x$fpl$dfltu)
    x$fpl$dmul                               0x00001eb4   Section      384  dmul.o(x$fpl$dmul)
    x$fpl$dnaninf                            0x00002034   Section      192  dnaninf.o(x$fpl$dnaninf)
    x$fpl$dretinf                            0x000020f4   Section       16  dretinf.o(x$fpl$dretinf)
    x$fpl$ffixu                              0x00002104   Section       84  ffixu.o(x$fpl$ffixu)
    x$fpl$fmul                               0x00002158   Section      256  fmul.o(x$fpl$fmul)
    x$fpl$fnaninf                            0x00002258   Section      168  fnaninf.o(x$fpl$fnaninf)
    x$fpl$fretinf                            0x00002300   Section       16  fretinf.o(x$fpl$fretinf)
    x$fpl$usenofp                            0x00002310   Section        0  usenofp.o(x$fpl$usenofp)
    .data                                    0x40000000   Section        4  adc.o(.data)
    flag                                     0x40000000   Data           4  adc.o(.data)
    .data                                    0x40000004   Section       64  kpm.o(.data)
    .data                                    0x40000044   Section      872  main.o(.data)
    .data                                    0x400003ac   Section        9  menu.o(.data)
    .data                                    0x400003b5   Section       28  rtc.o(.data)
    .bss                                     0x400003d4   Section       96  libspace.o(.bss)
    HEAP                                     0x40000438   Section        0  startup.o(HEAP)
    STACK                                    0x40000438   Section     1160  startup.o(STACK)
    Heap_Mem                                 0x40000438   Data           0  startup.o(HEAP)
    Stack_Mem                                0x40000438   Data        1024  startup.o(STACK)
    Stack_Top                                0x400008c0   Data           0  startup.o(STACK)

    Global Symbols

    Symbol Name                              Value     Ov Type        Size  Object(Section)

    BuildAttributes$$THM_ISAv1$ARM_ISAv4$S$PE$A:L22$X:L11$S22$IEEE1$IW$USESV6$~STKCKD$USESV7$~SHL$OSPACE$ROPI$EBA8$UX$STANDARDLIB$REQ8$PRES8$EABIv2 0x00000000   Number         0  anon$$obj.o ABSOLUTE
    __ARM_use_no_argv                        0x00000000   Number         0  main.o ABSOLUTE
    __ARM_exceptions_init                     - Undefined Weak Reference
    __alloca_initialize                       - Undefined Weak Reference
    __cpp_initialize__aeabi_                  - Undefined Weak Reference
    __cxa_finalize                            - Undefined Weak Reference
    __rt_locale                               - Undefined Weak Reference
    __sigvec_lookup                           - Undefined Weak Reference
    _atexit_init                              - Undefined Weak Reference
    _call_atexit_fns                          - Undefined Weak Reference
    _clock_init                               - Undefined Weak Reference
    _fp_trap_init                             - Undefined Weak Reference
    _fp_trap_shutdown                         - Undefined Weak Reference
    _get_lc_collate                           - Undefined Weak Reference
    _get_lc_ctype                             - Undefined Weak Reference
    _get_lc_monetary                          - Undefined Weak Reference
    _get_lc_numeric                           - Undefined Weak Reference
    _get_lc_time                              - Undefined Weak Reference
    _getenv_init                              - Undefined Weak Reference
    _handle_redirection                       - Undefined Weak Reference
    _init_alloc                               - Undefined Weak Reference
    _init_user_alloc                          - Undefined Weak Reference
    _initio                                   - Undefined Weak Reference
    _rand_init                                - Undefined Weak Reference
    _signal_finish                            - Undefined Weak Reference
    _signal_init                              - Undefined Weak Reference
    _terminate_alloc                          - Undefined Weak Reference
    _terminate_user_alloc                     - Undefined Weak Reference
    _terminateio                              - Undefined Weak Reference
    Reset_Handler                            0x00000058   ARM Code       0  startup.o(RESET)
    __main                                   0x00000110   ARM Code       8  __main.o(!!!main)
    __scatterload                            0x00000118   ARM Code       0  __scatter.o(!!!scatter)
    __scatterload_rt2                        0x00000118   ARM Code      52  __scatter.o(!!!scatter)
    __scatterload_null                       0x0000012c   ARM Code       0  __scatter.o(!!!scatter)
    __decompress                             0x00000154   ARM Code      92  __dczerorl2.o(!!dczerorl2)
    __decompress1                            0x00000154   ARM Code       0  __dczerorl2.o(!!dczerorl2)
    __scatterload_zeroinit                   0x000001b0   ARM Code      44  __scatter_zi.o(!!handler_zi)
    Inline ARM to Thumb Veneer to __rt_lib_init 0x000001dc   ARM Code       8  libinit.o(.ARM.Collect$$libinit$$00000000)
    __rt_lib_init                            0x000001e5   Thumb Code     0  libinit.o(.ARM.Collect$$libinit$$00000000)
    __rt_lib_init_alloca_1                   0x000001e7   Thumb Code     0  libinit2.o(.ARM.Collect$$libinit$$0000002C)
    __rt_lib_init_argv_1                     0x000001e7   Thumb Code     0  libinit2.o(.ARM.Collect$$libinit$$0000002A)
    __rt_lib_init_atexit_1                   0x000001e7   Thumb Code     0  libinit2.o(.ARM.Collect$$libinit$$00000019)
    __rt_lib_init_clock_1                    0x000001e7   Thumb Code     0  libinit2.o(.ARM.Collect$$libinit$$0000001F)
    __rt_lib_init_cpp_1                      0x000001e7   Thumb Code     0  libinit2.o(.ARM.Collect$$libinit$$00000030)
    __rt_lib_init_exceptions_1               0x000001e7   Thumb Code     0  libinit2.o(.ARM.Collect$$libinit$$0000002E)
    __rt_lib_init_fp_1                       0x000001e7   Thumb Code     0  libinit2.o(.ARM.Collect$$libinit$$00000002)
    __rt_lib_init_fp_trap_1                  0x000001e7   Thumb Code     0  libinit2.o(.ARM.Collect$$libinit$$0000001D)
    __rt_lib_init_getenv_1                   0x000001e7   Thumb Code     0  libinit2.o(.ARM.Collect$$libinit$$00000021)
    __rt_lib_init_heap_1                     0x000001e7   Thumb Code     0  libinit2.o(.ARM.Collect$$libinit$$00000008)
    __rt_lib_init_lc_collate_1               0x000001e7   Thumb Code     0  libinit2.o(.ARM.Collect$$libinit$$0000000F)
    __rt_lib_init_lc_ctype_1                 0x000001e7   Thumb Code     0  libinit2.o(.ARM.Collect$$libinit$$00000011)
    __rt_lib_init_lc_monetary_1              0x000001e7   Thumb Code     0  libinit2.o(.ARM.Collect$$libinit$$00000013)
    __rt_lib_init_lc_numeric_1               0x000001e7   Thumb Code     0  libinit2.o(.ARM.Collect$$libinit$$00000015)
    __rt_lib_init_lc_time_1                  0x000001e7   Thumb Code     0  libinit2.o(.ARM.Collect$$libinit$$00000017)
    __rt_lib_init_rand_1                     0x000001e7   Thumb Code     0  libinit2.o(.ARM.Collect$$libinit$$0000000C)
    __rt_lib_init_return                     0x000001e7   Thumb Code     0  libinit2.o(.ARM.Collect$$libinit$$00000031)
    __rt_lib_init_signal_1                   0x000001e7   Thumb Code     0  libinit2.o(.ARM.Collect$$libinit$$0000001B)
    __rt_lib_init_stdio_1                    0x000001e7   Thumb Code     0  libinit2.o(.ARM.Collect$$libinit$$00000023)
    __rt_lib_init_user_alloc_1               0x000001e7   Thumb Code     0  libinit2.o(.ARM.Collect$$libinit$$0000000A)
    Inline ARM to Thumb Veneer to __rt_lib_shutdown 0x000001f4   ARM Code       8  libshutdown.o(.ARM.Collect$$libshutdown$$00000000)
    __rt_lib_shutdown                        0x000001fd   Thumb Code     0  libshutdown.o(.ARM.Collect$$libshutdown$$00000000)
    __rt_lib_shutdown_fp_trap_1              0x00000201   Thumb Code     0  libshutdown2.o(.ARM.Collect$$libshutdown$$00000006)
    __rt_lib_shutdown_heap_1                 0x00000201   Thumb Code     0  libshutdown2.o(.ARM.Collect$$libshutdown$$0000000E)
    __rt_lib_shutdown_return                 0x00000201   Thumb Code     0  libshutdown2.o(.ARM.Collect$$libshutdown$$0000000F)
    __rt_lib_shutdown_signal_1               0x00000201   Thumb Code     0  libshutdown2.o(.ARM.Collect$$libshutdown$$00000009)
    __rt_lib_shutdown_stdio_1                0x00000201   Thumb Code     0  libshutdown2.o(.ARM.Collect$$libshutdown$$00000003)
    __rt_lib_shutdown_user_alloc_1           0x00000201   Thumb Code     0  libshutdown2.o(.ARM.Collect$$libshutdown$$0000000B)
    __rt_entry                               0x00000208   ARM Code       0  rtentry.o(.ARM.Collect$$rtentry$$00000000)
    __rt_entry_presh_1                       0x00000208   ARM Code       0  rtentry2.o(.ARM.Collect$$rtentry$$00000002)
    __rt_entry_sh                            0x00000208   ARM Code       0  rtentry4.o(.ARM.Collect$$rtentry$$00000004)
    __rt_entry_li                            0x00000210   ARM Code       0  rtentry2.o(.ARM.Collect$$rtentry$$0000000A)
    __rt_entry_postsh_1                      0x00000210   ARM Code       0  rtentry2.o(.ARM.Collect$$rtentry$$00000009)
    __rt_entry_main                          0x00000214   ARM Code       0  rtentry2.o(.ARM.Collect$$rtentry$$0000000D)
    __rt_entry_postli_1                      0x00000214   ARM Code       0  rtentry2.o(.ARM.Collect$$rtentry$$0000000C)
    Inline Thumb to ARM Veneer to __rt_exit  0x0000023d   Thumb Code     4  rtexit.o(.ARM.Collect$$rtexit$$00000000)
    __rt_exit                                0x00000240   ARM Code       0  rtexit.o(.ARM.Collect$$rtexit$$00000000)
    __rt_exit_ls                             0x00000244   ARM Code       0  rtexit2.o(.ARM.Collect$$rtexit$$00000003)
    __rt_exit_prels_1                        0x00000244   ARM Code       0  rtexit2.o(.ARM.Collect$$rtexit$$00000002)
    __rt_exit_exit                           0x00000248   ARM Code       0  rtexit2.o(.ARM.Collect$$rtexit$$00000004)
    __user_initial_stackheap                 0x00000250   ARM Code       0  startup.o(.text)
    Init_ADC                                 0x00000270   ARM Code      40  adc.o(.text)
    Read_ADC                                 0x00000298   ARM Code     184  adc.o(.text)
    Read_LM35                                0x00000350   ARM Code      88  adc.o(.text)
    delay_us                                 0x000003c0   ARM Code      28  delay.o(.text)
    delay_ms                                 0x000003dc   ARM Code      28  delay.o(.text)
    delay_s                                  0x000003f8   ARM Code      28  delay.o(.text)
    InitKPM                                  0x0000041c   ARM Code      24  kpm.o(.text)
    Colscan                                  0x00000434   ARM Code      40  kpm.o(.text)
    Rowcheck                                 0x0000045c   ARM Code     112  kpm.o(.text)
    Colcheck                                 0x000004cc   ARM Code      56  kpm.o(.text)
    Keyscan                                  0x00000504   ARM Code      76  kpm.o(.text)
    ReadPSW                                  0x00000550   ARM Code     268  kpm.o(.text)
    ReadNum2                                 0x0000065c   ARM Code     380  kpm.o(.text)
    WriteLCD                                 0x000007e8   ARM Code      88  lcd.o(.text)
    CmdLCD                                   0x00000840   ARM Code      36  lcd.o(.text)
    InitLCD                                  0x00000864   ARM Code     140  lcd.o(.text)
    CharLCD                                  0x000008f0   ARM Code      36  lcd.o(.text)
    StrLCD                                   0x00000914   ARM Code      40  lcd.o(.text)
    U32LCD                                   0x0000093c   ARM Code     120  lcd.o(.text)
    S32LCD                                   0x000009b4   ARM Code      44  lcd.o(.text)
    msg_scroll                               0x000009e4   ARM Code     472  main.o(.text)
    find_strlen                              0x00000bbc   ARM Code      32  main.o(.text)
    main                                     0x00000bdc   ARM Code     888  main.o(.text)
    MsgDisp                                  0x00000f84   ARM Code     328  menu.o(.text)
    Edit_day                                 0x000010cc   ARM Code     104  menu.o(.text)
    Edit_year                                0x00001134   ARM Code     300  menu.o(.text)
    Edit_month                               0x00001260   ARM Code      96  menu.o(.text)
    Edit_Ndate                               0x000012c0   ARM Code      96  menu.o(.text)
    Edit_date                                0x00001320   ARM Code     224  menu.o(.text)
    Edit_sec                                 0x00001400   ARM Code     204  menu.o(.text)
    Edit_min                                 0x000014cc   ARM Code      96  menu.o(.text)
    Edit_hour                                0x0000152c   ARM Code      96  menu.o(.text)
    Edit_time                                0x0000158c   ARM Code     220  menu.o(.text)
    settings                                 0x00001668   ARM Code     600  menu.o(.text)
    cfgPortPin                               0x000018d4   ARM Code     128  pin_connect_block.o(.text)
    RTC_Init                                 0x00001958   ARM Code      40  rtc.o(.text)
    GetRTCTimeInfo                           0x00001980   ARM Code      40  rtc.o(.text)
    DisplayRTCTime                           0x000019a8   ARM Code     196  rtc.o(.text)
    GetRTCDateInfo                           0x00001a6c   ARM Code      40  rtc.o(.text)
    DisplayRTCDate                           0x00001a94   ARM Code     160  rtc.o(.text)
    SetRTCTimeInfo                           0x00001b34   ARM Code      20  rtc.o(.text)
    SetRTCDateInfo                           0x00001b48   ARM Code      20  rtc.o(.text)
    GetRTCDay                                0x00001b5c   ARM Code      16  rtc.o(.text)
    DisplayRTCDay                            0x00001b6c   ARM Code      36  rtc.o(.text)
    SetRTCDay                                0x00001b90   ARM Code      12  rtc.o(.text)
    __aeabi_idiv                             0x00001ba8   ARM Code       0  aeabi_sdiv.o(.text)
    __aeabi_idivmod                          0x00001ba8   ARM Code     384  aeabi_sdiv.o(.text)
    __use_two_region_memory                  0x00001d29   Thumb Code     2  heapauxi.o(.text)
    __rt_heap_escrow$2region                 0x00001d2b   Thumb Code     2  heapauxi.o(.text)
    __rt_heap_expand$2region                 0x00001d2d   Thumb Code     2  heapauxi.o(.text)
    __user_setup_stackheap                   0x00001d30   ARM Code      96  sys_stackheap_outer.o(.text)
    exit                                     0x00001d91   Thumb Code    12  exit.o(.text)
    __user_libspace                          0x00001d9c   ARM Code      12  libspace.o(.text)
    __user_perproc_libspace                  0x00001d9c   ARM Code       0  libspace.o(.text)
    __user_perthread_libspace                0x00001d9c   ARM Code       0  libspace.o(.text)
    Inline ARM to Thumb Veneer to _sys_exit  0x00001da8   ARM Code       8  sys_exit.o(.text)
    _sys_exit                                0x00001db1   Thumb Code     8  sys_exit.o(.text)
    __I$use$semihosting                      0x00001dbc   ARM Code       0  use_no_semi.o(.text)
    __use_no_semihosting_swi                 0x00001dbc   ARM Code       4  use_no_semi.o(.text)
    __aeabi_uidiv                            0x00001dc0   ARM Code       0  aeabi_sdiv.o(.text_udiv)
    __aeabi_uidivmod                         0x00001dc0   ARM Code      36  aeabi_sdiv.o(.text_udiv)
    __semihosting_library_function           0x00001dc0   ARM Code       0  indicate_semi.o(.text)
    __aeabi_d2f                              0x00001de4   ARM Code       0  d2f.o(x$fpl$d2f)
    _d2f                                     0x00001de4   ARM Code     108  d2f.o(x$fpl$d2f)
    __aeabi_i2d                              0x00001e50   ARM Code       0  dflt_noclz.o(x$fpl$dflt)
    _dflt                                    0x00001e50   ARM Code      88  dflt_noclz.o(x$fpl$dflt)
    __dflt_normalise                         0x00001e60   ARM Code       0  dflt_noclz.o(x$fpl$dflt)
    __aeabi_ui2d                             0x00001ea8   ARM Code       0  dflt_noclz.o(x$fpl$dfltu)
    _dfltu                                   0x00001ea8   ARM Code      12  dflt_noclz.o(x$fpl$dfltu)
    __aeabi_dmul                             0x00001eb4   ARM Code       0  dmul.o(x$fpl$dmul)
    _dmul                                    0x00001eb4   ARM Code     372  dmul.o(x$fpl$dmul)
    __fpl_dnaninf                            0x00002034   ARM Code     192  dnaninf.o(x$fpl$dnaninf)
    __fpl_dretinf                            0x000020f4   ARM Code      16  dretinf.o(x$fpl$dretinf)
    __aeabi_f2uiz                            0x00002104   ARM Code       0  ffixu.o(x$fpl$ffixu)
    _ffixu                                   0x00002104   ARM Code      84  ffixu.o(x$fpl$ffixu)
    __aeabi_fmul                             0x00002158   ARM Code       0  fmul.o(x$fpl$fmul)
    _fmul                                    0x00002158   ARM Code     256  fmul.o(x$fpl$fmul)
    __fpl_fnaninf                            0x00002258   ARM Code     168  fnaninf.o(x$fpl$fnaninf)
    __fpl_fretinf                            0x00002300   ARM Code      16  fretinf.o(x$fpl$fretinf)
    Region$$Table$$Base                      0x00002310   Number         0  anon$$obj.o(Region$$Table)
    __I$use$fp                               0x00002310   Number         0  usenofp.o(x$fpl$usenofp)
    Region$$Table$$Limit                     0x00002330   Number         0  anon$$obj.o(Region$$Table)
    kpmLUT                                   0x40000004   Data          64  kpm.o(.data)
    msg_flag                                 0x40000044   Data           4  main.o(.data)
    messageList                              0x40000048   Data         830  main.o(.data)
    hour                                     0x40000388   Data           4  main.o(.data)
    min                                      0x4000038c   Data           4  main.o(.data)
    sec                                      0x40000390   Data           4  main.o(.data)
    date                                     0x40000394   Data           4  main.o(.data)
    month                                    0x40000398   Data           4  main.o(.data)
    year                                     0x4000039c   Data           4  main.o(.data)
    day                                      0x400003a0   Data           4  main.o(.data)
    startHour                                0x400003a4   Data           4  main.o(.data)
    startMin                                 0x400003a8   Data           4  main.o(.data)
    PSW                                      0x400003ac   Data           4  menu.o(.data)
    UserPSW                                  0x400003b0   Data           4  menu.o(.data)
    choice                                   0x400003b4   Data           1  menu.o(.data)
    week                                     0x400003b5   Data          28  rtc.o(.data)
    __libspace_start                         0x400003d4   Data          96  libspace.o(.bss)
    __temporary_stack_top$libspace           0x40000434   Data           0  libspace.o(.bss)



==============================================================================

Memory Map of the image

  Image Entry point : 0x00000110

  Load Region LR_IROM1 (Base: 0x00000000, Size: 0x00002704, Max: 0x00080000, ABSOLUTE, COMPRESSED[0x000024e0])

    Execution Region ER_IROM1 (Base: 0x00000000, Size: 0x00002330, Max: 0x00080000, ABSOLUTE)

    Base Addr    Size         Type   Attr      Idx    E Section Name        Object

    0x00000000   0x00000110   Code   RO            3    RESET               startup.o
    0x00000110   0x00000008   Code   RO          204  * !!!main             c_t.l(__main.o)
    0x00000118   0x0000003c   Code   RO          395    !!!scatter          c_t.l(__scatter.o)
    0x00000154   0x0000005c   Code   RO          393    !!dczerorl2         c_t.l(__dczerorl2.o)
    0x000001b0   0x0000002c   Code   RO          397    !!handler_zi        c_t.l(__scatter_zi.o)
    0x000001dc   0x00000008   Ven    RO          264    .ARM.Collect$$libinit$$00000000  c_t.l(libinit.o)
    0x000001e4   0x00000002   Code   RO          264    .ARM.Collect$$libinit$$00000000  c_t.l(libinit.o)
    0x000001e6   0x00000000   Code   RO          277    .ARM.Collect$$libinit$$00000002  c_t.l(libinit2.o)
    0x000001e6   0x00000000   Code   RO          280    .ARM.Collect$$libinit$$00000008  c_t.l(libinit2.o)
    0x000001e6   0x00000000   Code   RO          282    .ARM.Collect$$libinit$$0000000A  c_t.l(libinit2.o)
    0x000001e6   0x00000000   Code   RO          284    .ARM.Collect$$libinit$$0000000C  c_t.l(libinit2.o)
    0x000001e6   0x00000000   Code   RO          287    .ARM.Collect$$libinit$$0000000F  c_t.l(libinit2.o)
    0x000001e6   0x00000000   Code   RO          289    .ARM.Collect$$libinit$$00000011  c_t.l(libinit2.o)
    0x000001e6   0x00000000   Code   RO          291    .ARM.Collect$$libinit$$00000013  c_t.l(libinit2.o)
    0x000001e6   0x00000000   Code   RO          293    .ARM.Collect$$libinit$$00000015  c_t.l(libinit2.o)
    0x000001e6   0x00000000   Code   RO          295    .ARM.Collect$$libinit$$00000017  c_t.l(libinit2.o)
    0x000001e6   0x00000000   Code   RO          297    .ARM.Collect$$libinit$$00000019  c_t.l(libinit2.o)
    0x000001e6   0x00000000   Code   RO          299    .ARM.Collect$$libinit$$0000001B  c_t.l(libinit2.o)
    0x000001e6   0x00000000   Code   RO          301    .ARM.Collect$$libinit$$0000001D  c_t.l(libinit2.o)
    0x000001e6   0x00000000   Code   RO          303    .ARM.Collect$$libinit$$0000001F  c_t.l(libinit2.o)
    0x000001e6   0x00000000   Code   RO          305    .ARM.Collect$$libinit$$00000021  c_t.l(libinit2.o)
    0x000001e6   0x00000000   Code   RO          307    .ARM.Collect$$libinit$$00000023  c_t.l(libinit2.o)
    0x000001e6   0x00000000   Code   RO          311    .ARM.Collect$$libinit$$0000002A  c_t.l(libinit2.o)
    0x000001e6   0x00000000   Code   RO          313    .ARM.Collect$$libinit$$0000002C  c_t.l(libinit2.o)
    0x000001e6   0x00000000   Code   RO          315    .ARM.Collect$$libinit$$0000002E  c_t.l(libinit2.o)
    0x000001e6   0x00000000   Code   RO          317    .ARM.Collect$$libinit$$00000030  c_t.l(libinit2.o)
    0x000001e6   0x0000000c   Code   RO          318    .ARM.Collect$$libinit$$00000031  c_t.l(libinit2.o)
    0x000001f2   0x00000002   PAD
    0x000001f4   0x00000008   Ven    RO          351    .ARM.Collect$$libshutdown$$00000000  c_t.l(libshutdown.o)
    0x000001fc   0x00000004   Code   RO          351    .ARM.Collect$$libshutdown$$00000000  c_t.l(libshutdown.o)
    0x00000200   0x00000000   Code   RO          378    .ARM.Collect$$libshutdown$$00000003  c_t.l(libshutdown2.o)
    0x00000200   0x00000000   Code   RO          381    .ARM.Collect$$libshutdown$$00000006  c_t.l(libshutdown2.o)
    0x00000200   0x00000000   Code   RO          384    .ARM.Collect$$libshutdown$$00000009  c_t.l(libshutdown2.o)
    0x00000200   0x00000000   Code   RO          386    .ARM.Collect$$libshutdown$$0000000B  c_t.l(libshutdown2.o)
    0x00000200   0x00000000   Code   RO          389    .ARM.Collect$$libshutdown$$0000000E  c_t.l(libshutdown2.o)
    0x00000200   0x00000006   Code   RO          390    .ARM.Collect$$libshutdown$$0000000F  c_t.l(libshutdown2.o)
    0x00000206   0x00000002   PAD
    0x00000208   0x00000000   Code   RO          220    .ARM.Collect$$rtentry$$00000000  c_t.l(rtentry.o)
    0x00000208   0x00000000   Code   RO          235    .ARM.Collect$$rtentry$$00000002  c_t.l(rtentry2.o)
    0x00000208   0x00000008   Code   RO          247    .ARM.Collect$$rtentry$$00000004  c_t.l(rtentry4.o)
    0x00000210   0x00000000   Code   RO          237    .ARM.Collect$$rtentry$$00000009  c_t.l(rtentry2.o)
    0x00000210   0x00000004   Code   RO          238    .ARM.Collect$$rtentry$$0000000A  c_t.l(rtentry2.o)
    0x00000214   0x00000000   Code   RO          240    .ARM.Collect$$rtentry$$0000000C  c_t.l(rtentry2.o)
    0x00000214   0x00000028   Code   RO          241    .ARM.Collect$$rtentry$$0000000D  c_t.l(rtentry2.o)
    0x0000023c   0x00000004   Ven    RO          268    .ARM.Collect$$rtexit$$00000000  c_t.l(rtexit.o)
    0x00000240   0x00000004   Code   RO          268    .ARM.Collect$$rtexit$$00000000  c_t.l(rtexit.o)
    0x00000244   0x00000000   Code   RO          322    .ARM.Collect$$rtexit$$00000002  c_t.l(rtexit2.o)
    0x00000244   0x00000004   Code   RO          323    .ARM.Collect$$rtexit$$00000003  c_t.l(rtexit2.o)
    0x00000248   0x00000008   Code   RO          324    .ARM.Collect$$rtexit$$00000004  c_t.l(rtexit2.o)
    0x00000250   0x00000020   Code   RO            4    .text               startup.o
    0x00000270   0x00000150   Code   RO           11    .text               adc.o
    0x000003c0   0x0000005c   Code   RO           39    .text               delay.o
    0x0000041c   0x000003cc   Code   RO           53    .text               kpm.o
    0x000007e8   0x000001fc   Code   RO           83    .text               lcd.o
    0x000009e4   0x000005a0   Code   RO           98    .text               main.o
    0x00000f84   0x00000950   Code   RO          130    .text               menu.o
    0x000018d4   0x00000084   Code   RO          151    .text               pin_connect_block.o
    0x00001958   0x00000250   Code   RO          163    .text               rtc.o
    0x00001ba8   0x00000180   Code   RO          186    .text               c_t.l(aeabi_sdiv.o)
    0x00001d28   0x00000006   Code   RO          202    .text               c_t.l(heapauxi.o)
    0x00001d2e   0x00000002   PAD
    0x00001d30   0x00000060   Code   RO          251    .text               c_t.l(sys_stackheap_outer.o)
    0x00001d90   0x0000000c   Code   RO          253    .text               c_t.l(exit.o)
    0x00001d9c   0x0000000c   Code   RO          265    .text               c_t.l(libspace.o)
    0x00001da8   0x00000008   Ven    RO          319    .text               c_t.l(sys_exit.o)
    0x00001db0   0x0000000c   Code   RO          319    .text               c_t.l(sys_exit.o)
    0x00001dbc   0x00000004   Code   RO          340    .text               c_t.l(use_no_semi.o)
    0x00001dc0   0x00000000   Code   RO          342    .text               c_t.l(indicate_semi.o)
    0x00001dc0   0x00000024   Code   RO          187    .text_udiv          c_t.l(aeabi_sdiv.o)
    0x00001de4   0x0000006c   Code   RO          206    x$fpl$d2f           fz_ts.l(d2f.o)
    0x00001e50   0x00000058   Code   RO          209    x$fpl$dflt          fz_ts.l(dflt_noclz.o)
    0x00001ea8   0x0000000c   Code   RO          208    x$fpl$dfltu         fz_ts.l(dflt_noclz.o)
    0x00001eb4   0x00000180   Code   RO          212    x$fpl$dmul          fz_ts.l(dmul.o)
    0x00002034   0x000000c0   Code   RO          225    x$fpl$dnaninf       fz_ts.l(dnaninf.o)
    0x000020f4   0x00000010   Code   RO          227    x$fpl$dretinf       fz_ts.l(dretinf.o)
    0x00002104   0x00000054   Code   RO          214    x$fpl$ffixu         fz_ts.l(ffixu.o)
    0x00002158   0x00000100   Code   RO          218    x$fpl$fmul          fz_ts.l(fmul.o)
    0x00002258   0x000000a8   Code   RO          229    x$fpl$fnaninf       fz_ts.l(fnaninf.o)
    0x00002300   0x00000010   Code   RO          231    x$fpl$fretinf       fz_ts.l(fretinf.o)
    0x00002310   0x00000000   Code   RO          233    x$fpl$usenofp       fz_ts.l(usenofp.o)
    0x00002310   0x00000020   Data   RO          391    Region$$Table       anon$$obj.o


    Execution Region RW_IRAM1 (Base: 0x40000000, Size: 0x000008c0, Max: 0x00008000, ABSOLUTE, COMPRESSED[0x000001b0])

    Base Addr    Size         Type   Attr      Idx    E Section Name        Object

    0x40000000   0x00000004   Data   RW           12    .data               adc.o
    0x40000004   0x00000040   Data   RW           54    .data               kpm.o
    0x40000044   0x00000368   Data   RW           99    .data               main.o
    0x400003ac   0x00000009   Data   RW          131    .data               menu.o
    0x400003b5   0x0000001c   Data   RW          164    .data               rtc.o
    0x400003d1   0x00000003   PAD
    0x400003d4   0x00000060   Zero   RW          266    .bss                c_t.l(libspace.o)
    0x40000434   0x00000004   PAD
    0x40000438   0x00000000   Zero   RW            2    HEAP                startup.o
    0x40000438   0x00000488   Zero   RW            1    STACK               startup.o


==============================================================================

Image component sizes


      Code (inc. data)   RO Data    RW Data    ZI Data      Debug   Object Name

       336         24          0          4          0       3182   adc.o
        92          8          0          0          0        996   delay.o
       972         16          0         64          0       2666   kpm.o
       508          4          0          0          0       1843   lcd.o
      1440         48          0        872          0       3449   main.o
      2384        488          0          9          0       4517   menu.o
       132          4          0          0          0        557   pin_connect_block.o
       592         12          0         28          0       2778   rtc.o
       304         60          0          0       1160        492   startup.o

    ----------------------------------------------------------------------
      6760        664         32        980       1160      20480   Object Totals
         0          0         32          0          0          0   (incl. Generated)
         0          0          0          3          0          0   (incl. Padding)

    ----------------------------------------------------------------------

      Code (inc. data)   RO Data    RW Data    ZI Data      Debug   Library Member Name

        92          0          0          0          0          0   __dczerorl2.o
         8          0          0          0          0         68   __main.o
        60          8          0          0          0          0   __scatter.o
        44          0          0          0          0          0   __scatter_zi.o
       420          0          0          0          0        148   aeabi_sdiv.o
        12          0          0          0          0         64   exit.o
         6          0          0          0          0        136   heapauxi.o
         0          0          0          0          0          0   indicate_semi.o
        10          0          0          0          0          0   libinit.o
        12          0          0          0          0          0   libinit2.o
        12          0          0          0          0          0   libshutdown.o
         6          0          0          0          0          0   libshutdown2.o
        12          4          0          0         96         68   libspace.o
         0          0          0          0          0          0   rtentry.o
        44          4          0          0          0          0   rtentry2.o
         8          0          0          0          0          0   rtentry4.o
         8          0          0          0          0          0   rtexit.o
        12          0          0          0          0          0   rtexit2.o
        20          4          0          0          0         60   sys_exit.o
        96          0          0          0          0         80   sys_stackheap_outer.o
         4          0          0          0          0         68   use_no_semi.o
       108          4          0          0          0         92   d2f.o
       100          0          0          0          0        136   dflt_noclz.o
       384         16          0          0          0        124   dmul.o
       192          0          0          0          0        108   dnaninf.o
        16          0          0          0          0         68   dretinf.o
        84          4          0          0          0         84   ffixu.o
       256          4          0          0          0         84   fmul.o
       168          0          0          0          0         96   fnaninf.o
        16          0          0          0          0         68   fretinf.o
         0          0          0          0          0          0   usenofp.o

    ----------------------------------------------------------------------
      2216         48          0          0        100       1552   Library Totals
         6          0          0          0          4          0   (incl. Padding)

    ----------------------------------------------------------------------

      Code (inc. data)   RO Data    RW Data    ZI Data      Debug   Library Name

       886         20          0          0         96        692   c_t.l
      1324         28          0          0          0        860   fz_ts.l

    ----------------------------------------------------------------------
      2216         48          0          0        100       1552   Library Totals

    ----------------------------------------------------------------------

==============================================================================


      Code (inc. data)   RO Data    RW Data    ZI Data      Debug   

      8976        712         32        980       1260      20644   Grand Totals
      8976        712         32        432       1260      20644   ELF Image Totals (compressed)
      8976        712         32        432          0          0   ROM Totals

==============================================================================

    Total RO  Size (Code + RO Data)                 9008 (   8.80kB)
    Total RW  Size (RW Data + ZI Data)              2240 (   2.19kB)
    Total ROM Size (Code + RO Data + RW Data)       9440 (   9.22kB)

==============================================================================

