<html>
<body>
<pre>
<h1>µVision Build Log</h1>
<h2>Project:</h2>
G:\Real-Time Event Monitoring and Display System Using ARM7\mini_project.uvproj
Project File Date:  06/21/2026

<h2>Output:</h2>
Rebuild target 'Target 1'
assembling Startup.s...
compiling adc.c...
compiling delay.c...
compiling kpm.c...
compiling lcd.c...
compiling main.c...
main.c(248): warning:  #1-D: last line of file ends without a newline
  }
main.c: 1 warning, 0 errors
compiling menu.c...
compiling pin_connect_block.c...
compiling rtc.c...
linking...
Program Size: Code=8976 RO-data=32 RW-data=980 ZI-data=1260  
FromELF: creating hex file...
".\mini_project.axf" - 0 Error(s), 1 Warning(s).
</pre>
</body>
</html>

